// Jest Snapshot v1, https://goo.gl/fbAQLP

exports[`component <TableCellExpander /> should render correctly 1`] = `
.c1 {
  outline: none;
  border: none;
  display: block;
  width: 40px;
  height: 40px;
  background-color: transparent;
  color: rgba(0,0,0,.54);
}

.c1:disabled {
  color: rgba(0,0,0,.12);
}

.c1:hover {
  cursor: pointer;
}

.c0 {
  position: relative;
  display: -webkit-box;
  display: -webkit-flex;
  display: -ms-flexbox;
  display: flex;
  -webkit-align-items: center;
  -webkit-box-align: center;
  -ms-flex-align: center;
  align-items: center;
  box-sizing: border-box;
  line-height: normal;
  padding-left: calc(48px / 6);
  padding-right: calc(48px / 6);
  padding-top: calc(48px / 12);
  padding-bottom: calc(48px / 12);
  -webkit-flex: 0 0 56px;
  -ms-flex: 0 0 56px;
  flex: 0 0 56px;
  white-space: nowrap;
  font-weight: 400;
  font-size: 13px;
  color: rgba(0,0,0,.87);
  min-height: 48px;
}

.c0:not(:first-child) {
  padding-left: 0;
}

<div
  class="c0"
>
  <button
    class="c1"
    data-testid="expander-button"
  >
    <svg
      fill="currentColor"
      height="24"
      viewBox="0 0 24 24"
      width="24"
      xmlns="http://www.w3.org/2000/svg"
    >
      <path
        d="M8.59 16.34l4.58-4.59-4.58-4.59L10 5.75l6 6-6 6z"
      />
      <path
        d="M0-.25h24v24H0z"
        fill="none"
      />
    </svg>
  </button>
</div>
`;
