// Jest Snapshot v1, https://goo.gl/fbAQLP

exports[`should render correctly 1`] = `
.c0 {
  position: relative;
  display: -webkit-box;
  display: -webkit-flex;
  display: -ms-flexbox;
  display: flex;
  -webkit-align-items: center;
  -webkit-box-align: center;
  -ms-flex-align: center;
  align-items: center;
  box-sizing: border-box;
  line-height: normal;
  padding-left: calc(48px / 6);
  padding-right: calc(48px / 6);
  padding-top: calc(48px / 12);
  padding-bottom: calc(48px / 12);
  -webkit-flex: 1 0 0;
  -ms-flex: 1 0 0;
  flex: 1 0 0;
  max-width: 100%;
  min-width: 100px;
  font-size: 12px;
  -webkit-user-select: none;
  -moz-user-select: none;
  -ms-user-select: none;
  user-select: none;
  font-weight: 500;
  white-space: nowrap;
  color: rgba(0,0,0,.54);
  min-height: 48px;
}

.c0:first-child {
  padding-left: calc(48px / 2);
}

.c0:last-child {
  padding-right: calc(48px / 2);
}

.c0::before {
  font-size: 12px;
  padding-right: 4px;
}

.c1 {
  display: -webkit-inline-box;
  display: -webkit-inline-flex;
  display: -ms-inline-flexbox;
  display: inline-flex;
  -webkit-align-items: center;
  -webkit-box-align: center;
  -ms-flex-align: center;
  align-items: center;
}

<div
  class="rdt_TableCol c0"
  id="column-name"
>
  <div
    class="c1"
  >
    test
  </div>
</div>
`;
