// Jest Snapshot v1, https://goo.gl/fbAQLP

exports[`component <TableCol /> should render correctly 1`] = `
.c0 {
  box-sizing: border-box;
  display: -webkit-box;
  display: -webkit-flex;
  display: -ms-flexbox;
  display: flex;
  -webkit-flex: 1 0 0;
  -ms-flex: 1 0 0;
  flex: 1 0 0;
  -webkit-align-items: center;
  -webkit-box-align: center;
  -ms-flex-align: center;
  align-items: center;
  max-width: 100%;
  min-width: 100px;
  line-height: normal;
  white-space: nowrap;
  font-size: 12px;
  -webkit-user-select: none;
  -moz-user-select: none;
  -ms-user-select: none;
  user-select: none;
  font-weight: 500;
  color: rgba(0,0,0,.54);
  min-height: 48px;
  padding-left: calc(48px / 2);
  padding-right: calc(48px / 2);
}

.c0::before {
  font-size: 12px;
  padding-right: 4px;
}

<div
  class="c0"
/>
`;
