// Jest Snapshot v1, https://goo.gl/fbAQLP

exports[`component <TableHeader title contextActions /> should render correctly 1`] = `
.c4 {
  color: rgba(0,0,0,.64);
  font-size: 18px;
  font-weight: 400;
}

.c3 {
  position: absolute;
  top: 0;
  left: 0;
  width: 100%;
  height: 100%;
  background-color: #e3f2fd;
  z-index: 1;
  -webkit-transform: translate3d(0,-100%,0);
  -ms-transform: translate3d(0,-100%,0);
  transform: translate3d(0,-100%,0);
  -webkit-transition-duration: 0.15s;
  transition-duration: 0.15s;
  -webkit-transition-property: -webkit-transform;
  -webkit-transition-property: transform;
  transition-property: transform;
  -webkit-align-items: center;
  -webkit-box-align: center;
  -ms-flex-align: center;
  align-items: center;
  -webkit-box-pack: justify;
  -webkit-justify-content: space-between;
  -ms-flex-pack: justify;
  justify-content: space-between;
  display: -webkit-box;
  display: -webkit-flex;
  display: -ms-flexbox;
  display: flex;
  padding: 16px 16px 16px 24px;
}

.c0 {
  position: relative;
  overflow: visible;
  display: -webkit-box;
  display: -webkit-flex;
  display: -ms-flexbox;
  display: flex;
  -webkit-flex: 1 0 auto;
  -ms-flex: 1 0 auto;
  flex: 1 0 auto;
  -webkit-align-items: center;
  -webkit-box-align: center;
  -ms-flex-align: center;
  align-items: center;
  -webkit-box-pack: justify;
  -webkit-justify-content: space-between;
  -ms-flex-pack: justify;
  justify-content: space-between;
  padding: 16px 16px 16px 24px;
  min-height: 64px;
  width: 100%;
}

.c1 {
  -webkit-flex: 1 0 auto;
  -ms-flex: 1 0 auto;
  flex: 1 0 auto;
  color: rgba(0,0,0,.87);
  font-size: 22px;
  font-weight: 400;
}

.c2 {
  -webkit-flex: 1 0 auto;
  -ms-flex: 1 0 auto;
  flex: 1 0 auto;
  display: -webkit-box;
  display: -webkit-flex;
  display: -ms-flexbox;
  display: flex;
  -webkit-box-pack: end;
  -webkit-justify-content: flex-end;
  -ms-flex-pack: end;
  justify-content: flex-end;
  -webkit-align-items: center;
  -webkit-box-align: center;
  -ms-flex-align: center;
  align-items: center;
}

.c2 > * {
  margin-left: 5px;
}

<header
  class="c0"
>
  <div
    class="c1"
  >
    whoa!
  </div>
  <div
    class="c2"
  />
  <div
    class="c3"
  >
    <div
      class="c4"
    >
      undefined item selected
    </div>
    <div />
  </div>
</header>
`;

exports[`component <TableHeader title contextTitle /> should render correctly 1`] = `
.c4 {
  color: rgba(0,0,0,.64);
  font-size: 18px;
  font-weight: 400;
}

.c3 {
  position: absolute;
  top: 0;
  left: 0;
  width: 100%;
  height: 100%;
  background-color: #e3f2fd;
  z-index: 1;
  -webkit-transform: translate3d(0,-100%,0);
  -ms-transform: translate3d(0,-100%,0);
  transform: translate3d(0,-100%,0);
  -webkit-transition-duration: 0.15s;
  transition-duration: 0.15s;
  -webkit-transition-property: -webkit-transform;
  -webkit-transition-property: transform;
  transition-property: transform;
  -webkit-align-items: center;
  -webkit-box-align: center;
  -ms-flex-align: center;
  align-items: center;
  -webkit-box-pack: justify;
  -webkit-justify-content: space-between;
  -ms-flex-pack: justify;
  justify-content: space-between;
  display: -webkit-box;
  display: -webkit-flex;
  display: -ms-flexbox;
  display: flex;
  padding: 16px 16px 16px 24px;
}

.c0 {
  position: relative;
  overflow: visible;
  display: -webkit-box;
  display: -webkit-flex;
  display: -ms-flexbox;
  display: flex;
  -webkit-flex: 1 0 auto;
  -ms-flex: 1 0 auto;
  flex: 1 0 auto;
  -webkit-align-items: center;
  -webkit-box-align: center;
  -ms-flex-align: center;
  align-items: center;
  -webkit-box-pack: justify;
  -webkit-justify-content: space-between;
  -ms-flex-pack: justify;
  justify-content: space-between;
  padding: 16px 16px 16px 24px;
  min-height: 64px;
  width: 100%;
}

.c1 {
  -webkit-flex: 1 0 auto;
  -ms-flex: 1 0 auto;
  flex: 1 0 auto;
  color: rgba(0,0,0,.87);
  font-size: 22px;
  font-weight: 400;
}

.c2 {
  -webkit-flex: 1 0 auto;
  -ms-flex: 1 0 auto;
  flex: 1 0 auto;
  display: -webkit-box;
  display: -webkit-flex;
  display: -ms-flexbox;
  display: flex;
  -webkit-box-pack: end;
  -webkit-justify-content: flex-end;
  -ms-flex-pack: end;
  justify-content: flex-end;
  -webkit-align-items: center;
  -webkit-box-align: center;
  -ms-flex-align: center;
  align-items: center;
}

.c2 > * {
  margin-left: 5px;
}

<header
  class="c0"
>
  <div
    class="c1"
  >
    whoa!
  </div>
  <div
    class="c2"
  />
  <div
    class="c3"
  >
    <div
      class="c4"
    >
      undefined item selected
    </div>
    <div />
  </div>
</header>
`;

exports[`component <TableHeader title showContextMenu /> should render correctly 1`] = `
.c4 {
  color: rgba(0,0,0,.64);
  font-size: 18px;
  font-weight: 400;
}

.c3 {
  position: absolute;
  top: 0;
  left: 0;
  width: 100%;
  height: 100%;
  background-color: #e3f2fd;
  z-index: 1;
  -webkit-transform: translate3d(0,-100%,0);
  -ms-transform: translate3d(0,-100%,0);
  transform: translate3d(0,-100%,0);
  -webkit-transition-duration: 0.15s;
  transition-duration: 0.15s;
  -webkit-transition-property: -webkit-transform;
  -webkit-transition-property: transform;
  transition-property: transform;
  -webkit-align-items: center;
  -webkit-box-align: center;
  -ms-flex-align: center;
  align-items: center;
  -webkit-box-pack: justify;
  -webkit-justify-content: space-between;
  -ms-flex-pack: justify;
  justify-content: space-between;
  display: -webkit-box;
  display: -webkit-flex;
  display: -ms-flexbox;
  display: flex;
  padding: 16px 16px 16px 24px;
}

.c0 {
  position: relative;
  overflow: visible;
  display: -webkit-box;
  display: -webkit-flex;
  display: -ms-flexbox;
  display: flex;
  -webkit-flex: 1 0 auto;
  -ms-flex: 1 0 auto;
  flex: 1 0 auto;
  -webkit-align-items: center;
  -webkit-box-align: center;
  -ms-flex-align: center;
  align-items: center;
  -webkit-box-pack: justify;
  -webkit-justify-content: space-between;
  -ms-flex-pack: justify;
  justify-content: space-between;
  padding: 16px 16px 16px 24px;
  min-height: 64px;
  width: 100%;
}

.c1 {
  -webkit-flex: 1 0 auto;
  -ms-flex: 1 0 auto;
  flex: 1 0 auto;
  color: rgba(0,0,0,.87);
  font-size: 22px;
  font-weight: 400;
}

.c2 {
  -webkit-flex: 1 0 auto;
  -ms-flex: 1 0 auto;
  flex: 1 0 auto;
  display: -webkit-box;
  display: -webkit-flex;
  display: -ms-flexbox;
  display: flex;
  -webkit-box-pack: end;
  -webkit-justify-content: flex-end;
  -ms-flex-pack: end;
  justify-content: flex-end;
  -webkit-align-items: center;
  -webkit-box-align: center;
  -ms-flex-align: center;
  align-items: center;
}

.c2 > * {
  margin-left: 5px;
}

<header
  class="c0"
>
  <div
    class="c1"
  >
    whoa!
  </div>
  <div
    class="c2"
  />
  <div
    class="c3"
  >
    <div
      class="c4"
    >
      undefined item selected
    </div>
    <div />
  </div>
</header>
`;
