// Jest Snapshot v1, https://goo.gl/fbAQLP

exports[`component <TableRow /> should render correctly 1`] = `
.c0 {
  display: -webkit-box;
  display: -webkit-flex;
  display: -ms-flexbox;
  display: flex;
  width: 100%;
  border-top: 1px solid rgba(0,0,0,.12);
}

<div
  class="c0"
/>
`;

exports[`component <TableRow /> with children should render correctly 1`] = `
.c0 {
  display: -webkit-box;
  display: -webkit-flex;
  display: -ms-flexbox;
  display: flex;
  width: 100%;
  border-top: 1px solid rgba(0,0,0,.12);
}

<div
  class="c0"
/>
`;

exports[`component <TableRow /> with columns should render correctly if a row does not have a keyField 1`] = `
.c0 {
  display: -webkit-box;
  display: -webkit-flex;
  display: -ms-flexbox;
  display: flex;
  width: 100%;
  border-top: 1px solid rgba(0,0,0,.12);
}

<div
  class="c0"
/>
`;

exports[`component <TableRow /> with columns should render correctly if a row has a keyField 1`] = `
.c0 {
  display: -webkit-box;
  display: -webkit-flex;
  display: -ms-flexbox;
  display: flex;
  width: 100%;
  border-top: 1px solid rgba(0,0,0,.12);
}

<div
  class="c0"
/>
`;

exports[`component <TableRow highlightOnHover /> should render correctly 1`] = `
.c0 {
  display: -webkit-box;
  display: -webkit-flex;
  display: -ms-flexbox;
  display: flex;
  width: 100%;
  border-top: 1px solid rgba(0,0,0,.12);
}

<div
  class="c0"
/>
`;

exports[`component <TableRow pointerOnHover /> should render correctly 1`] = `
.c0 {
  display: -webkit-box;
  display: -webkit-flex;
  display: -ms-flexbox;
  display: flex;
  width: 100%;
  border-top: 1px solid rgba(0,0,0,.12);
}

<div
  class="c0"
/>
`;

exports[`component <TableRow striped /> should render correctly 1`] = `
.c0 {
  display: -webkit-box;
  display: -webkit-flex;
  display: -ms-flexbox;
  display: flex;
  width: 100%;
  border-top: 1px solid rgba(0,0,0,.12);
}

<div
  class="c0"
/>
`;
