// Jest Snapshot v1, https://goo.gl/fbAQLP

exports[`component <TableCol /> should render correctly 1`] = `
.c0 {
  box-sizing: border-box;
  vertical-align: middle;
  line-height: normal;
  white-space: nowrap;
  font-size: 12px;
  -webkit-user-select: none;
  -moz-user-select: none;
  -ms-user-select: none;
  user-select: none;
  font-weight: 500;
  color: rgba(0,0,0,.54);
  height: 48px;
  padding-left: calc(48px / 2);
  padding-right: calc(48px / 2);
}

.c0:nth-child(n+2) {
  padding-left: calc(48px / 6);
}

.c0::before {
  font-size: 12px;
  padding-right: 4px;
  padding-bottom: 5px;
}

<th
  className="c0"
  onClick={[Function]}
/>
`;
