// Jest Snapshot v1, https://goo.gl/fbAQLP

exports[`component <TableCellExpander /> should render correctly 1`] = `
.c0 {
  display: -webkit-box;
  display: -webkit-flex;
  display: -ms-flexbox;
  display: flex;
  -webkit-flex: 0 0 42px;
  -ms-flex: 0 0 42px;
  flex: 0 0 42px;
  -webkit-align-items: center;
  -webkit-box-align: center;
  -ms-flex-align: center;
  align-items: center;
  box-sizing: border-box;
  vertical-align: middle;
  white-space: nowrap;
  line-height: normal;
  font-weight: 400;
  font-size: 13px;
  color: rgba(0,0,0,.87);
  height: 48px;
  padding: 0;
}

<div
  className="c0"
  onClick={[Function]}
  type={null}
>
  <WithTheme(ExpanderButton)
    data={Object {}}
    expanded={false}
    index={null}
    onToggled={null}
  />
</div>
`;
